// Jest Snapshot v1, https://goo.gl/fbAQLP

exports[`<Login /> should match the Login snapshot 1`] = `
ShallowWrapper {
  "complexSelector": ComplexSelector {
    "buildPredicate": [Function],
    "childrenOfNode": [Function],
    "findWhereUnwrapped": [Function],
  },
  "length": 1,
  "node": <div>
    <form
        className="login-form"
    >
        <h2
            className="login"
        >
            Login
        </h2>
        <input
            onChange={[Function]}
            placeholder="Email"
            type="text"
            value=""
        />
        <input
            onChange={[Function]}
            placeholder="Password"
            type="text"
            value=""
        />
        <input
            className="login-submit-button"
            disabled={true}
            onClick={[Function]}
            type="submit"
        />
    </form>
</div>,
  "nodes": Array [
    <div>
      <form
            className="login-form"
      >
            <h2
                  className="login"
            >
                  Login
            </h2>
            <input
                  onChange={[Function]}
                  placeholder="Email"
                  type="text"
                  value=""
            />
            <input
                  onChange={[Function]}
                  placeholder="Password"
                  type="text"
                  value=""
            />
            <input
                  className="login-submit-button"
                  disabled={true}
                  onClick={[Function]}
                  type="submit"
            />
      </form>
</div>,
  ],
  "options": Object {},
  "renderer": ReactShallowRenderer {
    "_instance": ShallowComponentWrapper {
      "_calledComponentWillUnmount": false,
      "_compositeType": 0,
      "_context": Object {},
      "_currentElement": <Login />,
      "_debugID": 3,
      "_hostContainerInfo": null,
      "_hostParent": null,
      "_instance": Login {
        "_reactInternalInstance": [Circular],
        "context": Object {},
        "handleSubmit": [Function],
        "props": Object {},
        "refs": Object {},
        "state": Object {
          "email": "",
          "password": "",
        },
        "updater": Object {
          "enqueueCallback": [Function],
          "enqueueCallbackInternal": [Function],
          "enqueueElementInternal": [Function],
          "enqueueForceUpdate": [Function],
          "enqueueReplaceState": [Function],
          "enqueueSetState": [Function],
          "isMounted": [Function],
          "validateCallback": [Function],
        },
      },
      "_mountOrder": 2,
      "_pendingCallbacks": null,
      "_pendingElement": null,
      "_pendingForceUpdate": false,
      "_pendingReplaceState": false,
      "_pendingStateQueue": null,
      "_renderedComponent": NoopInternalComponent {
        "_currentElement": <div>
          <form
                    className="login-form"
          >
                    <h2
                              className="login"
                    >
                              Login
                    </h2>
                    <input
                              onChange={[Function]}
                              placeholder="Email"
                              type="text"
                              value=""
                    />
                    <input
                              onChange={[Function]}
                              placeholder="Password"
                              type="text"
                              value=""
                    />
                    <input
                              className="login-submit-button"
                              disabled={true}
                              onClick={[Function]}
                              type="submit"
                    />
          </form>
</div>,
        "_debugID": 4,
        "_renderedOutput": <div>
          <form
                    className="login-form"
          >
                    <h2
                              className="login"
                    >
                              Login
                    </h2>
                    <input
                              onChange={[Function]}
                              placeholder="Email"
                              type="text"
                              value=""
                    />
                    <input
                              onChange={[Function]}
                              placeholder="Password"
                              type="text"
                              value=""
                    />
                    <input
                              className="login-submit-button"
                              disabled={true}
                              onClick={[Function]}
                              type="submit"
                    />
          </form>
</div>,
      },
      "_renderedNodeType": 0,
      "_rootNodeID": 0,
      "_topLevelWrapper": null,
      "_updateBatchNumber": null,
      "_warnedAboutRefsInRender": false,
    },
    "getRenderOutput": [Function],
    "render": [Function],
  },
  "root": [Circular],
  "unrendered": <Login />,
}
`;
