// Jest Snapshot v1, https://goo.gl/fbAQLP

exports[`<NewCoreValue /> should match the NewCoreValue snapshot 1`] = `
ShallowWrapper {
  "complexSelector": ComplexSelector {
    "buildPredicate": [Function],
    "childrenOfNode": [Function],
    "findWhereUnwrapped": [Function],
  },
  "length": 1,
  "node": <div
    className="new-value"
>
    <h2
        className="create-new-value"
    >
        Add New Core Value
    </h2>
    <form
        className="add-new-value-form"
    >
        <input
            className="new-core-value-input"
            onChange={[Function]}
            placeholder="Core Value"
            type="text"
            value=""
        />
        <input
            className="form-button-value"
            disabled={true}
            onClick={[Function]}
            type="submit"
        />
    </form>
</div>,
  "nodes": Array [
    <div
      className="new-value"
>
      <h2
            className="create-new-value"
      >
            Add New Core Value
      </h2>
      <form
            className="add-new-value-form"
      >
            <input
                  className="new-core-value-input"
                  onChange={[Function]}
                  placeholder="Core Value"
                  type="text"
                  value=""
            />
            <input
                  className="form-button-value"
                  disabled={true}
                  onClick={[Function]}
                  type="submit"
            />
      </form>
</div>,
  ],
  "options": Object {},
  "renderer": ReactShallowRenderer {
    "_instance": ShallowComponentWrapper {
      "_calledComponentWillUnmount": false,
      "_compositeType": 0,
      "_context": Object {},
      "_currentElement": <NewCoreValue />,
      "_debugID": 3,
      "_hostContainerInfo": null,
      "_hostParent": null,
      "_instance": NewCoreValue {
        "_reactInternalInstance": [Circular],
        "context": Object {},
        "handleSubmit": [Function],
        "props": Object {},
        "refs": Object {},
        "state": Object {
          "coreValue": "",
        },
        "updater": Object {
          "enqueueCallback": [Function],
          "enqueueCallbackInternal": [Function],
          "enqueueElementInternal": [Function],
          "enqueueForceUpdate": [Function],
          "enqueueReplaceState": [Function],
          "enqueueSetState": [Function],
          "isMounted": [Function],
          "validateCallback": [Function],
        },
      },
      "_mountOrder": 2,
      "_pendingCallbacks": null,
      "_pendingElement": null,
      "_pendingForceUpdate": false,
      "_pendingReplaceState": false,
      "_pendingStateQueue": null,
      "_renderedComponent": NoopInternalComponent {
        "_currentElement": <div
          className="new-value"
>
          <h2
                    className="create-new-value"
          >
                    Add New Core Value
          </h2>
          <form
                    className="add-new-value-form"
          >
                    <input
                              className="new-core-value-input"
                              onChange={[Function]}
                              placeholder="Core Value"
                              type="text"
                              value=""
                    />
                    <input
                              className="form-button-value"
                              disabled={true}
                              onClick={[Function]}
                              type="submit"
                    />
          </form>
</div>,
        "_debugID": 4,
        "_renderedOutput": <div
          className="new-value"
>
          <h2
                    className="create-new-value"
          >
                    Add New Core Value
          </h2>
          <form
                    className="add-new-value-form"
          >
                    <input
                              className="new-core-value-input"
                              onChange={[Function]}
                              placeholder="Core Value"
                              type="text"
                              value=""
                    />
                    <input
                              className="form-button-value"
                              disabled={true}
                              onClick={[Function]}
                              type="submit"
                    />
          </form>
</div>,
      },
      "_renderedNodeType": 0,
      "_rootNodeID": 0,
      "_topLevelWrapper": null,
      "_updateBatchNumber": null,
      "_warnedAboutRefsInRender": false,
    },
    "getRenderOutput": [Function],
    "render": [Function],
  },
  "root": [Circular],
  "unrendered": <NewCoreValue />,
}
`;
