// Jest Snapshot v1, https://goo.gl/fbAQLP

exports[`<Student /> should match the Student snapshot 1`] = `undefined`;
